
[1m[46m RUN [49m[22m [36mv4.0.18 [39m[90m/app[39m

[90mstdout[2m | src/index.test.ts[2m > [22m[2mVoidService[2m > [22m[2misolate[2m > [22m[2mshould accept valid alphanumeric input
[22m[39m[The Void] Isolating: validTarget123

[90mstdout[2m | src/index.test.ts[2m > [22m[2mVoidService[2m > [22m[2misolate[2m > [22m[2mshould reject empty input
[22m[39m[The Void] Isolating:

[90mstdout[2m | src/index.test.ts[2m > [22m[2mVoidService[2m > [22m[2misolate[2m > [22m[2mshould reject input with special characters
[22m[39m[The Void] Isolating: invalid!target

[90mstdout[2m | src/index.test.ts[2m > [22m[2mVoidService[2m > [22m[2misolate[2m > [22m[2mshould reject input strictly longer than 64 chars
[22m[39m[The Void] Isolating: aaaaaaaaaaaaaaaaaaaaaaaaaaaaaaaaaaaaaaaaaaaaaaaaaaaaaaaaaaaaaaaaa

[90mstdout[2m | src/index.test.ts[2m > [22m[2mVoidService[2m > [22m[2mquarantine[2m > [22m[2mshould accept valid input with hyphens and underscores
[22m[39m[The Void] Quarantining: valid-agent_id

[90mstdout[2m | src/index.test.ts[2m > [22m[2mVoidService[2m > [22m[2mquarantine[2m > [22m[2mshould reject empty input
[22m[39m[The Void] Quarantining:

[90mstdout[2m | src/index.test.ts[2m > [22m[2mVoidService[2m > [22m[2mquarantine[2m > [22m[2mshould reject input with spaces
[22m[39m[The Void] Quarantining: agent id

 [31m❯[39m src/index.test.ts [2m([22m[2m7 tests[22m[2m | [22m[31m5 failed[39m[2m)[22m[32m 20[2mms[22m[39m
       [32m✓[39m should accept valid alphanumeric input[32m 4[2mms[22m[39m
[31m       [31m×[31m should reject empty input[39m[32m 8[2mms[22m[39m
[31m       [31m×[31m should reject input with special characters[39m[32m 2[2mms[22m[39m
[31m       [31m×[31m should reject input strictly longer than 64 chars[39m[32m 1[2mms[22m[39m
       [32m✓[39m should accept valid input with hyphens and underscores[32m 1[2mms[22m[39m
[31m       [31m×[31m should reject empty input[39m[32m 1[2mms[22m[39m
[31m       [31m×[31m should reject input with spaces[39m[32m 1[2mms[22m[39m

[31m⎯⎯⎯⎯⎯⎯⎯[39m[1m[41m Failed Tests 5 [49m[22m[31m⎯⎯⎯⎯⎯⎯⎯[39m

[41m[1m FAIL [22m[49m src/index.test.ts[2m > [22mVoidService[2m > [22misolate[2m > [22mshould reject empty input
[31m[1mAssertionError[22m: promise resolved "undefined" instead of rejecting[39m

[32m- Expected:[39m
Error {
  "message": "rejected promise",
}

[31m+ Received:[39m
undefined

[36m [2m❯[22m src/index.test.ts:[2m13:39[22m[39m
    [90m 11| [39m
    [90m 12| [39m    [34mit[39m([32m'should reject empty input'[39m[33m,[39m [35masync[39m () [33m=>[39m {
    [90m 13| [39m      [35mawait[39m [34mexpect[39m(service[33m.[39m[34misolate[39m([32m''[39m))[33m.[39mrejects[33m.[39m[34mtoThrow[39m()[33m;[39m
    [90m   | [39m                                      [31m^[39m
    [90m 14| [39m    })[33m;[39m
    [90m 15| [39m

[31m[2m⎯⎯⎯⎯⎯⎯⎯⎯⎯⎯⎯⎯⎯⎯⎯⎯⎯⎯⎯⎯⎯⎯⎯⎯[1/5]⎯[22m[39m

[41m[1m FAIL [22m[49m src/index.test.ts[2m > [22mVoidService[2m > [22misolate[2m > [22mshould reject input with special characters
[31m[1mAssertionError[22m: promise resolved "undefined" instead of rejecting[39m

[32m- Expected:[39m
Error {
  "message": "rejected promise",
}

[31m+ Received:[39m
undefined

[36m [2m❯[22m src/index.test.ts:[2m17:53[22m[39m
    [90m 15| [39m
    [90m 16| [39m    [34mit[39m([32m'should reject input with special characters'[39m[33m,[39m [35masync[39m () [33m=>[39m {
    [90m 17| [39m      await expect(service.isolate('invalid!target')).rejects.toThrow(…
    [90m   | [39m                                                    [31m^[39m
    [90m 18| [39m    })[33m;[39m
    [90m 19| [39m

[31m[2m⎯⎯⎯⎯⎯⎯⎯⎯⎯⎯⎯⎯⎯⎯⎯⎯⎯⎯⎯⎯⎯⎯⎯⎯[2/5]⎯[22m[39m

[41m[1m FAIL [22m[49m src/index.test.ts[2m > [22mVoidService[2m > [22misolate[2m > [22mshould reject input strictly longer than 64 chars
[31m[1mAssertionError[22m: promise resolved "undefined" instead of rejecting[39m

[32m- Expected:[39m
Error {
  "message": "rejected promise",
}

[31m+ Received:[39m
undefined

[36m [2m❯[22m src/index.test.ts:[2m22:46[22m[39m
    [90m 20| [39m    it('should reject input strictly longer than 64 chars', async () =…
    [90m 21| [39m      [35mconst[39m longInput [33m=[39m [32m'a'[39m[33m.[39m[34mrepeat[39m([34m65[39m)[33m;[39m
    [90m 22| [39m      [35mawait[39m [34mexpect[39m(service[33m.[39m[34misolate[39m(longInput))[33m.[39mrejects[33m.[39m[34mtoThrow[39m()[33m;[39m
    [90m   | [39m                                             [31m^[39m
    [90m 23| [39m    })[33m;[39m
    [90m 24| [39m  })[33m;[39m

[31m[2m⎯⎯⎯⎯⎯⎯⎯⎯⎯⎯⎯⎯⎯⎯⎯⎯⎯⎯⎯⎯⎯⎯⎯⎯[3/5]⎯[22m[39m

[41m[1m FAIL [22m[49m src/index.test.ts[2m > [22mVoidService[2m > [22mquarantine[2m > [22mshould reject empty input
[31m[1mAssertionError[22m: promise resolved "undefined" instead of rejecting[39m

[32m- Expected:[39m
Error {
  "message": "rejected promise",
}

[31m+ Received:[39m
undefined

[36m [2m❯[22m src/index.test.ts:[2m32:42[22m[39m
    [90m 30| [39m
    [90m 31| [39m    [34mit[39m([32m'should reject empty input'[39m[33m,[39m [35masync[39m () [33m=>[39m {
    [90m 32| [39m      [35mawait[39m [34mexpect[39m(service[33m.[39m[34mquarantine[39m([32m''[39m))[33m.[39mrejects[33m.[39m[34mtoThrow[39m()[33m;[39m
    [90m   | [39m                                         [31m^[39m
    [90m 33| [39m    })[33m;[39m
    [90m 34| [39m

[31m[2m⎯⎯⎯⎯⎯⎯⎯⎯⎯⎯⎯⎯⎯⎯⎯⎯⎯⎯⎯⎯⎯⎯⎯⎯[4/5]⎯[22m[39m

[41m[1m FAIL [22m[49m src/index.test.ts[2m > [22mVoidService[2m > [22mquarantine[2m > [22mshould reject input with spaces
[31m[1mAssertionError[22m: promise resolved "undefined" instead of rejecting[39m

[32m- Expected:[39m
Error {
  "message": "rejected promise",
}

[31m+ Received:[39m
undefined

[36m [2m❯[22m src/index.test.ts:[2m36:50[22m[39m
    [90m 34| [39m
    [90m 35| [39m    [34mit[39m([32m'should reject input with spaces'[39m[33m,[39m [35masync[39m () [33m=>[39m {
    [90m 36| [39m      [35mawait[39m [34mexpect[39m(service[33m.[39m[34mquarantine[39m([32m'agent id'[39m))[33m.[39mrejects[33m.[39m[34mtoThrow[39m()[33m;[39m
    [90m   | [39m                                                 [31m^[39m
    [90m 37| [39m    })[33m;[39m
    [90m 38| [39m  })[33m;[39m

[31m[2m⎯⎯⎯⎯⎯⎯⎯⎯⎯⎯⎯⎯⎯⎯⎯⎯⎯⎯⎯⎯⎯⎯⎯⎯[5/5]⎯[22m[39m


[2m Test Files [22m [1m[31m1 failed[39m[22m[90m (1)[39m
[2m      Tests [22m [1m[31m5 failed[39m[22m[2m | [22m[1m[32m2 passed[39m[22m[90m (7)[39m
[2m   Start at [22m 20:58:19
[2m   Duration [22m 349ms[2m (transform 79ms, setup 0ms, import 101ms, tests 20ms, environment 0ms)[22m
